// Jest Snapshot v1, https://goo.gl/fbAQLP

exports[`HomePage Component should be rendered the correct home page query 1`] = `
Object {
  "definitions": Array [
    Object {
      "directives": Array [],
      "kind": "OperationDefinition",
      "name": null,
      "operation": "query",
      "selectionSet": Object {
        "kind": "SelectionSet",
        "selections": Array [
          Object {
            "alias": null,
            "arguments": Array [],
            "directives": Array [],
            "kind": "Field",
            "name": Object {
              "kind": "Name",
              "value": "carOfTheWeek",
            },
            "selectionSet": Object {
              "kind": "SelectionSet",
              "selections": Array [
                Object {
                  "alias": null,
                  "arguments": Array [],
                  "directives": Array [],
                  "kind": "Field",
                  "name": Object {
                    "kind": "Name",
                    "value": "modelId",
                  },
                  "selectionSet": null,
                },
                Object {
                  "alias": null,
                  "arguments": Array [],
                  "directives": Array [],
                  "kind": "Field",
                  "name": Object {
                    "kind": "Name",
                    "value": "review",
                  },
                  "selectionSet": null,
                },
                Object {
                  "alias": null,
                  "arguments": Array [],
                  "directives": Array [],
                  "kind": "Field",
                  "name": Object {
                    "kind": "Name",
                    "value": "carModel",
                  },
                  "selectionSet": Object {
                    "kind": "SelectionSet",
                    "selections": Array [
                      Object {
                        "alias": null,
                        "arguments": Array [],
                        "directives": Array [],
                        "kind": "Field",
                        "name": Object {
                          "kind": "Name",
                          "value": "makeId",
                        },
                        "selectionSet": null,
                      },
                      Object {
                        "alias": null,
                        "arguments": Array [],
                        "directives": Array [],
                        "kind": "Field",
                        "name": Object {
                          "kind": "Name",
                          "value": "name",
                        },
                        "selectionSet": null,
                      },
                      Object {
                        "alias": null,
                        "arguments": Array [],
                        "directives": Array [],
                        "kind": "Field",
                        "name": Object {
                          "kind": "Name",
                          "value": "price",
                        },
                        "selectionSet": null,
                      },
                      Object {
                        "alias": null,
                        "arguments": Array [],
                        "directives": Array [],
                        "kind": "Field",
                        "name": Object {
                          "kind": "Name",
                          "value": "imageUrl",
                        },
                        "selectionSet": null,
                      },
                      Object {
                        "alias": null,
                        "arguments": Array [],
                        "directives": Array [],
                        "kind": "Field",
                        "name": Object {
                          "kind": "Name",
                          "value": "make",
                        },
                        "selectionSet": Object {
                          "kind": "SelectionSet",
                          "selections": Array [
                            Object {
                              "alias": null,
                              "arguments": Array [],
                              "directives": Array [],
                              "kind": "Field",
                              "name": Object {
                                "kind": "Name",
                                "value": "name",
                              },
                              "selectionSet": null,
                            },
                          ],
                        },
                      },
                    ],
                  },
                },
              ],
            },
          },
        ],
      },
      "variableDefinitions": null,
    },
  ],
  "kind": "Document",
  "loc": Object {
    "end": 235,
    "start": 0,
  },
}
`;

exports[`HomePage Component should render the homepage correctly 1`] = `
<div
  className="home-page"
>
  <span
    className="home-page__headline"
  >
    car of the week
  </span>
  <div
    className="home-page__row1"
  >
    <span
      className="home-page__make"
    >
      Mazda
    </span>
    <span
      className="home-page__name"
    >
      MX-5
    </span>
  </div>
  <img
    className="home-page__banner"
    src="https://www.mazda.com.au/globalassets/settings/vehicle-assets/mx-5/2017-01-ipm/side-and-rear-34/mx-5_softtop_soulred_buildbody_front.png"
  />
  <div
    className="home-page__details"
  >
    <div
      className="home-page__details__row2"
    >
      <span
        className="home-page__details__review"
      >
        The Mazda MX-5 is a traditional two-seat sports car, with a lightweight body and rear-wheel drive. It has a folding, fabric roof and is among the least expensive convertibles. This fourth-generation MX-5 is fantastic fun to drive. Motoring magazine Wheels named it Car of the Year for 2016.
      </span>
    </div>
    <div
      className="home-page__details__row3"
    >
      <span
        className="home-page__details__text"
      >
        drive away price
      </span>
      <span
        className="home-page__details__price"
      >
         $ 
        90000
      </span>
    </div>
  </div>
</div>
`;
