// Jest Snapshot v1, https://goo.gl/fbAQLP

exports[`Search Component should be rendered the correct search query 1`] = `
Object {
  "definitions": Array [
    Object {
      "directives": Array [],
      "kind": "OperationDefinition",
      "name": Object {
        "kind": "Name",
        "value": "search",
      },
      "operation": "query",
      "selectionSet": Object {
        "kind": "SelectionSet",
        "selections": Array [
          Object {
            "alias": null,
            "arguments": Array [],
            "directives": Array [],
            "kind": "Field",
            "name": Object {
              "kind": "Name",
              "value": "makes",
            },
            "selectionSet": Object {
              "kind": "SelectionSet",
              "selections": Array [
                Object {
                  "alias": null,
                  "arguments": Array [],
                  "directives": Array [],
                  "kind": "Field",
                  "name": Object {
                    "kind": "Name",
                    "value": "id",
                  },
                  "selectionSet": null,
                },
                Object {
                  "alias": null,
                  "arguments": Array [],
                  "directives": Array [],
                  "kind": "Field",
                  "name": Object {
                    "kind": "Name",
                    "value": "name",
                  },
                  "selectionSet": null,
                },
                Object {
                  "alias": null,
                  "arguments": Array [],
                  "directives": Array [],
                  "kind": "Field",
                  "name": Object {
                    "kind": "Name",
                    "value": "models",
                  },
                  "selectionSet": Object {
                    "kind": "SelectionSet",
                    "selections": Array [
                      Object {
                        "alias": null,
                        "arguments": Array [],
                        "directives": Array [],
                        "kind": "Field",
                        "name": Object {
                          "kind": "Name",
                          "value": "id",
                        },
                        "selectionSet": null,
                      },
                      Object {
                        "alias": null,
                        "arguments": Array [],
                        "directives": Array [],
                        "kind": "Field",
                        "name": Object {
                          "kind": "Name",
                          "value": "name",
                        },
                        "selectionSet": null,
                      },
                    ],
                  },
                },
              ],
            },
          },
        ],
      },
      "variableDefinitions": Array [],
    },
  ],
  "kind": "Document",
  "loc": Object {
    "end": 171,
    "start": 0,
  },
}
`;

exports[`Search Component should render the search correctly 1`] = `
<div
  className="search-page"
>
  <div
    className="search-page__head-text"
  >
    Our Range
  </div>
  <div
    className="search-page__head-text2"
  >
    Please select a car for details
  </div>
  <div
    className="search-page__selection-container"
  >
    <div
      className="search-page__selection-box1"
    >
      <span
        className="search-page__make-text"
      >
        Please select car make
      </span>
      <Select
        addLabelText="Add \\"{label}\\"?"
        arrowRenderer={[Function]}
        autosize={true}
        backspaceRemoves={true}
        backspaceToRemoveMessage="Press backspace to remove {label}"
        className="make-select"
        clearAllText="Clear all"
        clearRenderer={[Function]}
        clearValueText="Clear value"
        clearable={false}
        closeOnSelect={true}
        deleteRemoves={true}
        delimiter=","
        disabled={false}
        escapeClearsValue={true}
        filterOptions={[Function]}
        ignoreAccents={true}
        ignoreCase={true}
        inputProps={Object {}}
        isLoading={false}
        joinValues={false}
        labelKey="label"
        matchPos="any"
        matchProp="any"
        menuBuffer={0}
        menuRenderer={[Function]}
        multi={false}
        name="makes"
        noResultsText="No results found"
        onBlurResetsInput={true}
        onChange={[Function]}
        onCloseResetsInput={true}
        onSelectResetsInput={true}
        openOnClick={true}
        optionComponent={[Function]}
        options={Array []}
        pageSize={5}
        placeholder="Select..."
        required={false}
        scrollMenuIntoView={true}
        searchable={false}
        simpleValue={false}
        tabSelectsValue={true}
        value="Select"
        valueComponent={[Function]}
        valueKey="value"
      />
    </div>
    <div
      className="search-page__selection-box2"
    >
      <span
        className="search-page__model-text"
      >
        Please select car model
      </span>
      <Select
        addLabelText="Add \\"{label}\\"?"
        arrowRenderer={[Function]}
        autosize={true}
        backspaceRemoves={true}
        backspaceToRemoveMessage="Press backspace to remove {label}"
        className="model-select"
        clearAllText="Clear all"
        clearRenderer={[Function]}
        clearValueText="Clear value"
        clearable={false}
        closeOnSelect={true}
        deleteRemoves={true}
        delimiter=","
        disabled={true}
        escapeClearsValue={true}
        filterOptions={[Function]}
        ignoreAccents={true}
        ignoreCase={true}
        inputProps={Object {}}
        isLoading={false}
        joinValues={false}
        labelKey="label"
        matchPos="any"
        matchProp="any"
        menuBuffer={0}
        menuRenderer={[Function]}
        multi={false}
        name="model"
        noResultsText="No results found"
        onBlurResetsInput={true}
        onChange={[Function]}
        onCloseResetsInput={true}
        onSelectResetsInput={true}
        openOnClick={true}
        optionComponent={[Function]}
        options={Array []}
        pageSize={5}
        placeholder="Select..."
        required={false}
        scrollMenuIntoView={true}
        searchable={false}
        simpleValue={false}
        tabSelectsValue={true}
        value="Select"
        valueComponent={[Function]}
        valueKey="value"
      />
    </div>
    <span
      className="search-page__detail-btn disabled"
    >
      <Link
        onlyActiveOnIndex={false}
        style={Object {}}
        to="/make/model/"
      >
        View Detail
      </Link>
    </span>
  </div>
</div>
`;
